<html>
<body>
<pre>
<h1>µVision Build Log</h1>
<h2>Tool Versions:</h2>
IDE-Version: µVision V5.26.2.0
Copyright (C) 2018 ARM Ltd and ARM Germany GmbH. All rights reserved.
License Information: Omar sayed, amit, LIC=----
 
Tool Versions:
Toolchain:       MDK-Lite  Version: 5.26.2.0
Toolchain Path:  C:\Keil_v5\ARM\ARMCC\Bin
C Compiler:      Armcc.exe V5.06 update 6 (build 750)
Assembler:       Armasm.exe V5.06 update 6 (build 750)
Linker/Locator:  ArmLink.exe V5.06 update 6 (build 750)
Library Manager: ArmAr.exe V5.06 update 6 (build 750)
Hex Converter:   FromElf.exe V5.06 update 6 (build 750)
CPU DLL:         SARMCM3.DLL V5.26.2.0
Dialog DLL:      DCM.DLL V1.17.2.0
Target DLL:      lmidk-agdi.dll V???
Dialog DLL:      TCM.DLL V1.36.1.0
 
<h2>Project:</h2>
C:\Users\omar_\Documents\project keil\OSM.uvproj
Project File Date:  02/08/2020

<h2>Output:</h2>
*** Using Compiler 'V5.06 update 6 (build 750)', folder: 'C:\Keil_v5\ARM\ARMCC\Bin'
Rebuild target 'Target 1'
assembling startup_rvmdk.S...
compiling Bfx.c...
Bfx.h(21): warning:  #1-D: last line of file ends without a newline
  #endif /* BFX_H_ */
Bfx.c: 1 warning, 0 errors
compiling utils.c...
utils.h(7): warning:  #1-D: last line of file ends without a newline
  #endif
utils.c(21): warning:  #1-D: last line of file ends without a newline
  }
utils.c: 2 warnings, 0 errors
compiling GPIO.c...
Bfx.h(21): warning:  #1-D: last line of file ends without a newline
  #endif /* BFX_H_ */
GPIO.c(19): warning:  #1-D: last line of file ends without a newline
  }
GPIO.c: 2 warnings, 0 errors
compiling main.c...
GPIO_CFG.h(22): warning:  #1-D: last line of file ends without a newline
  void GPIO_INIT(GPIOA_Type *GPIO,Config CFG);
Bfx.h(21): warning:  #1-D: last line of file ends without a newline
  #endif /* BFX_H_ */
GPIO.h(6): warning:  #1-D: last line of file ends without a newline
  uint8 GPIO_READCHANNEL(GPIOA_Type*GPIO,uint8 channel);
utils.h(7): warning:  #1-D: last line of file ends without a newline
  #endif
main.c(59): warning:  #111-D: statement is unreachable
  	return 0;
main.c(62): warning:  #1-D: last line of file ends without a newline
  	
main.c: 6 warnings, 0 errors
compiling GPIO_CFG.c...
Bfx.h(21): warning:  #1-D: last line of file ends without a newline
  #endif /* BFX_H_ */
GPIO_CFG.h(22): warning:  #1-D: last line of file ends without a newline
  void GPIO_INIT(GPIOA_Type *GPIO,Config CFG);
GPIO_CFG.c(54): warning:  #1-D: last line of file ends without a newline
  }
GPIO_CFG.c: 3 warnings, 0 errors
linking...
Program Size: Code=1752 RO-data=16 RW-data=0 ZI-data=352  
".\Objects\OSM.axf" - 0 Error(s), 14 Warning(s).
Build Time Elapsed:  00:00:01
</pre>
</body>
</html>
